---
source: src/bnf.rs
expression: bnf

---
Bnf {
    tokens: {
        "a": TermId(
            0,
        ),
        "b": TermId(
            1,
        ),
        "c": TermId(
            2,
        ),
        "d": TermId(
            3,
        ),
    },
    starts: {
        "A": NontermId(
            0,
        ),
        "B": NontermId(
            1,
        ),
    },
    nonterms: [
        Nonterm {
            name: "A",
            prod_range: 9..10,
        },
        Nonterm {
            name: "B",
            prod_range: 12..14,
        },
        Nonterm {
            name: "C",
            prod_range: 14..16,
        },
        Nonterm {
            name: "(a C? (B | b))*",
            prod_range: 5..7,
        },
        Nonterm {
            name: "C?",
            prod_range: 0..2,
        },
        Nonterm {
            name: "(B | b)",
            prod_range: 2..4,
        },
        Nonterm {
            name: "(a C? (B | b))",
            prod_range: 4..5,
        },
        Nonterm {
            name: "(A a)?",
            prod_range: 7..9,
        },
        Nonterm {
            name: "(c | (d B))",
            prod_range: 10..12,
        },
    ],
    prods: [
        Production {
            nonterm_id: NontermId(
                4,
            ),
            action: EmptyOption,
            prec: None,
            assoc: None,
            symbols: [],
        },
        Production {
            nonterm_id: NontermId(
                4,
            ),
            action: NonemptyOption,
            prec: None,
            assoc: None,
            symbols: [
                Nonterm(
                    NontermId(
                        2,
                    ),
                ),
            ],
        },
        Production {
            nonterm_id: NontermId(
                5,
            ),
            action: None,
            prec: None,
            assoc: None,
            symbols: [
                Nonterm(
                    NontermId(
                        1,
                    ),
                ),
            ],
        },
        Production {
            nonterm_id: NontermId(
                5,
            ),
            action: None,
            prec: None,
            assoc: None,
            symbols: [
                Term(
                    TermId(
                        1,
                    ),
                ),
            ],
        },
        Production {
            nonterm_id: NontermId(
                6,
            ),
            action: None,
            prec: None,
            assoc: None,
            symbols: [
                Term(
                    TermId(
                        0,
                    ),
                ),
                Nonterm(
                    NontermId(
                        4,
                    ),
                ),
                Nonterm(
                    NontermId(
                        5,
                    ),
                ),
            ],
        },
        Production {
            nonterm_id: NontermId(
                3,
            ),
            action: StartMany,
            prec: None,
            assoc: None,
            symbols: [],
        },
        Production {
            nonterm_id: NontermId(
                3,
            ),
            action: ContinueMany,
            prec: None,
            assoc: None,
            symbols: [
                Nonterm(
                    NontermId(
                        3,
                    ),
                ),
                Nonterm(
                    NontermId(
                        6,
                    ),
                ),
            ],
        },
        Production {
            nonterm_id: NontermId(
                7,
            ),
            action: EmptyOption,
            prec: None,
            assoc: None,
            symbols: [],
        },
        Production {
            nonterm_id: NontermId(
                7,
            ),
            action: NonemptyOption,
            prec: None,
            assoc: None,
            symbols: [
                Nonterm(
                    NontermId(
                        0,
                    ),
                ),
                Term(
                    TermId(
                        0,
                    ),
                ),
            ],
        },
        Production {
            nonterm_id: NontermId(
                0,
            ),
            action: None,
            prec: None,
            assoc: None,
            symbols: [
                Nonterm(
                    NontermId(
                        3,
                    ),
                ),
                Nonterm(
                    NontermId(
                        7,
                    ),
                ),
            ],
        },
        Production {
            nonterm_id: NontermId(
                8,
            ),
            action: None,
            prec: None,
            assoc: None,
            symbols: [
                Term(
                    TermId(
                        2,
                    ),
                ),
            ],
        },
        Production {
            nonterm_id: NontermId(
                8,
            ),
            action: None,
            prec: None,
            assoc: None,
            symbols: [
                Term(
                    TermId(
                        3,
                    ),
                ),
                Nonterm(
                    NontermId(
                        1,
                    ),
                ),
            ],
        },
        Production {
            nonterm_id: NontermId(
                1,
            ),
            action: StartMany1,
            prec: None,
            assoc: None,
            symbols: [
                Nonterm(
                    NontermId(
                        8,
                    ),
                ),
            ],
        },
        Production {
            nonterm_id: NontermId(
                1,
            ),
            action: ContinueMany1,
            prec: None,
            assoc: None,
            symbols: [
                Nonterm(
                    NontermId(
                        1,
                    ),
                ),
                Nonterm(
                    NontermId(
                        8,
                    ),
                ),
            ],
        },
        Production {
            nonterm_id: NontermId(
                2,
            ),
            action: None,
            prec: None,
            assoc: None,
            symbols: [
                Nonterm(
                    NontermId(
                        1,
                    ),
                ),
            ],
        },
        Production {
            nonterm_id: NontermId(
                2,
            ),
            action: None,
            prec: None,
            assoc: None,
            symbols: [
                Term(
                    TermId(
                        1,
                    ),
                ),
            ],
        },
    ],
}
